# serializer version: 1
# name: test_retreives_text_no_outliers
  list([
  ])
# ---
# name: test_retreives_text_with_outliers
  list([
  ])
# ---
